<?xml version="1.0" encoding="UTF-8"?>
<testsuites>
  <testsuite name="/app/phpunit-ci.xml" tests="108" assertions="5973" errors="0" failures="0" skipped="0" time="38.506866">
    <testsuite name="Unit" tests="48" assertions="437" errors="0" failures="0" skipped="0" time="1.888135">
      <testsuite name="Tests\Unit\Playground\Matrix\Models\Backlog\ModelTest" file="/app/tests/Unit/Models/Backlog/ModelTest.php" tests="3" assertions="32" errors="0" failures="0" skipped="0" time="0.276194">
        <testcase name="test_model_instance" file="/app/vendor/gammamatrix/playground-test/src/Unit/Models/ModelCase.php" line="113" class="Tests\Unit\Playground\Matrix\Models\Backlog\ModelTest" classname="Tests.Unit.Playground.Matrix.Models.Backlog.ModelTest" assertions="1" time="0.151715"/>
        <testcase name="test_verify_model_relationships" file="/app/vendor/gammamatrix/playground-test/src/Unit/Models/ModelCase.php" line="294" class="Tests\Unit\Playground\Matrix\Models\Backlog\ModelTest" classname="Tests.Unit.Playground.Matrix.Models.Backlog.ModelTest" assertions="28" time="0.087971"/>
        <testcase name="test_model_factory_make" file="/app/vendor/gammamatrix/playground-test/src/Unit/Models/ModelCase.php" line="310" class="Tests\Unit\Playground\Matrix\Models\Backlog\ModelTest" classname="Tests.Unit.Playground.Matrix.Models.Backlog.ModelTest" assertions="3" time="0.036509"/>
      </testsuite>
      <testsuite name="Tests\Unit\Playground\Matrix\Models\Board\ModelTest" file="/app/tests/Unit/Models/Board/ModelTest.php" tests="3" assertions="32" errors="0" failures="0" skipped="0" time="0.113796">
        <testcase name="test_model_instance" file="/app/vendor/gammamatrix/playground-test/src/Unit/Models/ModelCase.php" line="113" class="Tests\Unit\Playground\Matrix\Models\Board\ModelTest" classname="Tests.Unit.Playground.Matrix.Models.Board.ModelTest" assertions="1" time="0.025598"/>
        <testcase name="test_verify_model_relationships" file="/app/vendor/gammamatrix/playground-test/src/Unit/Models/ModelCase.php" line="294" class="Tests\Unit\Playground\Matrix\Models\Board\ModelTest" classname="Tests.Unit.Playground.Matrix.Models.Board.ModelTest" assertions="28" time="0.060192"/>
        <testcase name="test_model_factory_make" file="/app/vendor/gammamatrix/playground-test/src/Unit/Models/ModelCase.php" line="310" class="Tests\Unit\Playground\Matrix\Models\Board\ModelTest" classname="Tests.Unit.Playground.Matrix.Models.Board.ModelTest" assertions="3" time="0.028006"/>
      </testsuite>
      <testsuite name="Tests\Unit\Playground\Matrix\Models\Epic\ModelTest" file="/app/tests/Unit/Models/Epic/ModelTest.php" tests="3" assertions="32" errors="0" failures="0" skipped="0" time="0.112726">
        <testcase name="test_model_instance" file="/app/vendor/gammamatrix/playground-test/src/Unit/Models/ModelCase.php" line="113" class="Tests\Unit\Playground\Matrix\Models\Epic\ModelTest" classname="Tests.Unit.Playground.Matrix.Models.Epic.ModelTest" assertions="1" time="0.025396"/>
        <testcase name="test_verify_model_relationships" file="/app/vendor/gammamatrix/playground-test/src/Unit/Models/ModelCase.php" line="294" class="Tests\Unit\Playground\Matrix\Models\Epic\ModelTest" classname="Tests.Unit.Playground.Matrix.Models.Epic.ModelTest" assertions="28" time="0.059647"/>
        <testcase name="test_model_factory_make" file="/app/vendor/gammamatrix/playground-test/src/Unit/Models/ModelCase.php" line="310" class="Tests\Unit\Playground\Matrix\Models\Epic\ModelTest" classname="Tests.Unit.Playground.Matrix.Models.Epic.ModelTest" assertions="3" time="0.027683"/>
      </testsuite>
      <testsuite name="Tests\Unit\Playground\Matrix\Models\Flow\ModelTest" file="/app/tests/Unit/Models/Flow/ModelTest.php" tests="3" assertions="22" errors="0" failures="0" skipped="0" time="0.109870">
        <testcase name="test_model_instance" file="/app/vendor/gammamatrix/playground-test/src/Unit/Models/ModelCase.php" line="113" class="Tests\Unit\Playground\Matrix\Models\Flow\ModelTest" classname="Tests.Unit.Playground.Matrix.Models.Flow.ModelTest" assertions="1" time="0.025941"/>
        <testcase name="test_verify_model_relationships" file="/app/vendor/gammamatrix/playground-test/src/Unit/Models/ModelCase.php" line="294" class="Tests\Unit\Playground\Matrix\Models\Flow\ModelTest" classname="Tests.Unit.Playground.Matrix.Models.Flow.ModelTest" assertions="18" time="0.056110"/>
        <testcase name="test_model_factory_make" file="/app/vendor/gammamatrix/playground-test/src/Unit/Models/ModelCase.php" line="310" class="Tests\Unit\Playground\Matrix\Models\Flow\ModelTest" classname="Tests.Unit.Playground.Matrix.Models.Flow.ModelTest" assertions="3" time="0.027818"/>
      </testsuite>
      <testsuite name="Tests\Unit\Playground\Matrix\Models\Matrix\ModelTest" file="/app/tests/Unit/Models/Matrix/ModelTest.php" tests="3" assertions="8" errors="0" failures="0" skipped="0" time="0.082247">
        <testcase name="test_model_instance" file="/app/vendor/gammamatrix/playground-test/src/Unit/Models/ModelCase.php" line="113" class="Tests\Unit\Playground\Matrix\Models\Matrix\ModelTest" classname="Tests.Unit.Playground.Matrix.Models.Matrix.ModelTest" assertions="1" time="0.024911"/>
        <testcase name="test_verify_model_relationships" file="/app/vendor/gammamatrix/playground-test/src/Unit/Models/ModelCase.php" line="294" class="Tests\Unit\Playground\Matrix\Models\Matrix\ModelTest" classname="Tests.Unit.Playground.Matrix.Models.Matrix.ModelTest" assertions="4" time="0.029812"/>
        <testcase name="test_model_factory_make" file="/app/vendor/gammamatrix/playground-test/src/Unit/Models/ModelCase.php" line="310" class="Tests\Unit\Playground\Matrix\Models\Matrix\ModelTest" classname="Tests.Unit.Playground.Matrix.Models.Matrix.ModelTest" assertions="3" time="0.027525"/>
      </testsuite>
      <testsuite name="Tests\Unit\Playground\Matrix\Models\Milestone\ModelTest" file="/app/tests/Unit/Models/Milestone/ModelTest.php" tests="3" assertions="32" errors="0" failures="0" skipped="0" time="0.114308">
        <testcase name="test_model_instance" file="/app/vendor/gammamatrix/playground-test/src/Unit/Models/ModelCase.php" line="113" class="Tests\Unit\Playground\Matrix\Models\Milestone\ModelTest" classname="Tests.Unit.Playground.Matrix.Models.Milestone.ModelTest" assertions="1" time="0.025024"/>
        <testcase name="test_verify_model_relationships" file="/app/vendor/gammamatrix/playground-test/src/Unit/Models/ModelCase.php" line="294" class="Tests\Unit\Playground\Matrix\Models\Milestone\ModelTest" classname="Tests.Unit.Playground.Matrix.Models.Milestone.ModelTest" assertions="28" time="0.062270"/>
        <testcase name="test_model_factory_make" file="/app/vendor/gammamatrix/playground-test/src/Unit/Models/ModelCase.php" line="310" class="Tests\Unit\Playground\Matrix\Models\Milestone\ModelTest" classname="Tests.Unit.Playground.Matrix.Models.Milestone.ModelTest" assertions="3" time="0.027014"/>
      </testsuite>
      <testsuite name="Tests\Unit\Playground\Matrix\Models\Note\ModelTest" file="/app/tests/Unit/Models/Note/ModelTest.php" tests="3" assertions="20" errors="0" failures="0" skipped="0" time="0.105548">
        <testcase name="test_model_instance" file="/app/vendor/gammamatrix/playground-test/src/Unit/Models/ModelCase.php" line="113" class="Tests\Unit\Playground\Matrix\Models\Note\ModelTest" classname="Tests.Unit.Playground.Matrix.Models.Note.ModelTest" assertions="1" time="0.026877"/>
        <testcase name="test_verify_model_relationships" file="/app/vendor/gammamatrix/playground-test/src/Unit/Models/ModelCase.php" line="294" class="Tests\Unit\Playground\Matrix\Models\Note\ModelTest" classname="Tests.Unit.Playground.Matrix.Models.Note.ModelTest" assertions="16" time="0.051898"/>
        <testcase name="test_model_factory_make" file="/app/vendor/gammamatrix/playground-test/src/Unit/Models/ModelCase.php" line="310" class="Tests\Unit\Playground\Matrix\Models\Note\ModelTest" classname="Tests.Unit.Playground.Matrix.Models.Note.ModelTest" assertions="3" time="0.026772"/>
      </testsuite>
      <testsuite name="Tests\Unit\Playground\Matrix\Models\Project\ModelTest" file="/app/tests/Unit/Models/Project/ModelTest.php" tests="3" assertions="32" errors="0" failures="0" skipped="0" time="0.112316">
        <testcase name="test_model_instance" file="/app/vendor/gammamatrix/playground-test/src/Unit/Models/ModelCase.php" line="113" class="Tests\Unit\Playground\Matrix\Models\Project\ModelTest" classname="Tests.Unit.Playground.Matrix.Models.Project.ModelTest" assertions="1" time="0.025364"/>
        <testcase name="test_verify_model_relationships" file="/app/vendor/gammamatrix/playground-test/src/Unit/Models/ModelCase.php" line="294" class="Tests\Unit\Playground\Matrix\Models\Project\ModelTest" classname="Tests.Unit.Playground.Matrix.Models.Project.ModelTest" assertions="28" time="0.060464"/>
        <testcase name="test_model_factory_make" file="/app/vendor/gammamatrix/playground-test/src/Unit/Models/ModelCase.php" line="310" class="Tests\Unit\Playground\Matrix\Models\Project\ModelTest" classname="Tests.Unit.Playground.Matrix.Models.Project.ModelTest" assertions="3" time="0.026487"/>
      </testsuite>
      <testsuite name="Tests\Unit\Playground\Matrix\Models\Release\ModelTest" file="/app/tests/Unit/Models/Release/ModelTest.php" tests="3" assertions="32" errors="0" failures="0" skipped="0" time="0.111211">
        <testcase name="test_model_instance" file="/app/vendor/gammamatrix/playground-test/src/Unit/Models/ModelCase.php" line="113" class="Tests\Unit\Playground\Matrix\Models\Release\ModelTest" classname="Tests.Unit.Playground.Matrix.Models.Release.ModelTest" assertions="1" time="0.025494"/>
        <testcase name="test_verify_model_relationships" file="/app/vendor/gammamatrix/playground-test/src/Unit/Models/ModelCase.php" line="294" class="Tests\Unit\Playground\Matrix\Models\Release\ModelTest" classname="Tests.Unit.Playground.Matrix.Models.Release.ModelTest" assertions="28" time="0.058930"/>
        <testcase name="test_model_factory_make" file="/app/vendor/gammamatrix/playground-test/src/Unit/Models/ModelCase.php" line="310" class="Tests\Unit\Playground\Matrix\Models\Release\ModelTest" classname="Tests.Unit.Playground.Matrix.Models.Release.ModelTest" assertions="3" time="0.026787"/>
      </testsuite>
      <testsuite name="Tests\Unit\Playground\Matrix\Models\Roadmap\ModelTest" file="/app/tests/Unit/Models/Roadmap/ModelTest.php" tests="3" assertions="32" errors="0" failures="0" skipped="0" time="0.109761">
        <testcase name="test_model_instance" file="/app/vendor/gammamatrix/playground-test/src/Unit/Models/ModelCase.php" line="113" class="Tests\Unit\Playground\Matrix\Models\Roadmap\ModelTest" classname="Tests.Unit.Playground.Matrix.Models.Roadmap.ModelTest" assertions="1" time="0.024318"/>
        <testcase name="test_verify_model_relationships" file="/app/vendor/gammamatrix/playground-test/src/Unit/Models/ModelCase.php" line="294" class="Tests\Unit\Playground\Matrix\Models\Roadmap\ModelTest" classname="Tests.Unit.Playground.Matrix.Models.Roadmap.ModelTest" assertions="28" time="0.058779"/>
        <testcase name="test_model_factory_make" file="/app/vendor/gammamatrix/playground-test/src/Unit/Models/ModelCase.php" line="310" class="Tests\Unit\Playground\Matrix\Models\Roadmap\ModelTest" classname="Tests.Unit.Playground.Matrix.Models.Roadmap.ModelTest" assertions="3" time="0.026664"/>
      </testsuite>
      <testsuite name="Tests\Unit\Playground\Matrix\Models\Source\ModelTest" file="/app/tests/Unit/Models/Source/ModelTest.php" tests="3" assertions="22" errors="0" failures="0" skipped="0" time="0.103053">
        <testcase name="test_model_instance" file="/app/vendor/gammamatrix/playground-test/src/Unit/Models/ModelCase.php" line="113" class="Tests\Unit\Playground\Matrix\Models\Source\ModelTest" classname="Tests.Unit.Playground.Matrix.Models.Source.ModelTest" assertions="1" time="0.024531"/>
        <testcase name="test_verify_model_relationships" file="/app/vendor/gammamatrix/playground-test/src/Unit/Models/ModelCase.php" line="294" class="Tests\Unit\Playground\Matrix\Models\Source\ModelTest" classname="Tests.Unit.Playground.Matrix.Models.Source.ModelTest" assertions="18" time="0.051937"/>
        <testcase name="test_model_factory_make" file="/app/vendor/gammamatrix/playground-test/src/Unit/Models/ModelCase.php" line="310" class="Tests\Unit\Playground\Matrix\Models\Source\ModelTest" classname="Tests.Unit.Playground.Matrix.Models.Source.ModelTest" assertions="3" time="0.026584"/>
      </testsuite>
      <testsuite name="Tests\Unit\Playground\Matrix\Models\Sprint\ModelTest" file="/app/tests/Unit/Models/Sprint/ModelTest.php" tests="3" assertions="32" errors="0" failures="0" skipped="0" time="0.109917">
        <testcase name="test_model_instance" file="/app/vendor/gammamatrix/playground-test/src/Unit/Models/ModelCase.php" line="113" class="Tests\Unit\Playground\Matrix\Models\Sprint\ModelTest" classname="Tests.Unit.Playground.Matrix.Models.Sprint.ModelTest" assertions="1" time="0.024359"/>
        <testcase name="test_verify_model_relationships" file="/app/vendor/gammamatrix/playground-test/src/Unit/Models/ModelCase.php" line="294" class="Tests\Unit\Playground\Matrix\Models\Sprint\ModelTest" classname="Tests.Unit.Playground.Matrix.Models.Sprint.ModelTest" assertions="28" time="0.058644"/>
        <testcase name="test_model_factory_make" file="/app/vendor/gammamatrix/playground-test/src/Unit/Models/ModelCase.php" line="310" class="Tests\Unit\Playground\Matrix\Models\Sprint\ModelTest" classname="Tests.Unit.Playground.Matrix.Models.Sprint.ModelTest" assertions="3" time="0.026914"/>
      </testsuite>
      <testsuite name="Tests\Unit\Playground\Matrix\Models\Tag\ModelTest" file="/app/tests/Unit/Models/Tag/ModelTest.php" tests="3" assertions="19" errors="0" failures="0" skipped="0" time="0.099292">
        <testcase name="test_model_instance" file="/app/vendor/gammamatrix/playground-test/src/Unit/Models/ModelCase.php" line="113" class="Tests\Unit\Playground\Matrix\Models\Tag\ModelTest" classname="Tests.Unit.Playground.Matrix.Models.Tag.ModelTest" assertions="1" time="0.024649"/>
        <testcase name="test_verify_model_relationships" file="/app/vendor/gammamatrix/playground-test/src/Unit/Models/ModelCase.php" line="294" class="Tests\Unit\Playground\Matrix\Models\Tag\ModelTest" classname="Tests.Unit.Playground.Matrix.Models.Tag.ModelTest" assertions="15" time="0.048085"/>
        <testcase name="test_model_factory_make" file="/app/vendor/gammamatrix/playground-test/src/Unit/Models/ModelCase.php" line="310" class="Tests\Unit\Playground\Matrix\Models\Tag\ModelTest" classname="Tests.Unit.Playground.Matrix.Models.Tag.ModelTest" assertions="3" time="0.026558"/>
      </testsuite>
      <testsuite name="Tests\Unit\Playground\Matrix\Models\Team\ModelTest" file="/app/tests/Unit/Models/Team/ModelTest.php" tests="3" assertions="32" errors="0" failures="0" skipped="0" time="0.109882">
        <testcase name="test_model_instance" file="/app/vendor/gammamatrix/playground-test/src/Unit/Models/ModelCase.php" line="113" class="Tests\Unit\Playground\Matrix\Models\Team\ModelTest" classname="Tests.Unit.Playground.Matrix.Models.Team.ModelTest" assertions="1" time="0.024421"/>
        <testcase name="test_verify_model_relationships" file="/app/vendor/gammamatrix/playground-test/src/Unit/Models/ModelCase.php" line="294" class="Tests\Unit\Playground\Matrix\Models\Team\ModelTest" classname="Tests.Unit.Playground.Matrix.Models.Team.ModelTest" assertions="28" time="0.058571"/>
        <testcase name="test_model_factory_make" file="/app/vendor/gammamatrix/playground-test/src/Unit/Models/ModelCase.php" line="310" class="Tests\Unit\Playground\Matrix\Models\Team\ModelTest" classname="Tests.Unit.Playground.Matrix.Models.Team.ModelTest" assertions="3" time="0.026890"/>
      </testsuite>
      <testsuite name="Tests\Unit\Playground\Matrix\Models\Ticket\ModelTest" file="/app/tests/Unit/Models/Ticket/ModelTest.php" tests="3" assertions="35" errors="0" failures="0" skipped="0" time="0.113727">
        <testcase name="test_model_instance" file="/app/vendor/gammamatrix/playground-test/src/Unit/Models/ModelCase.php" line="113" class="Tests\Unit\Playground\Matrix\Models\Ticket\ModelTest" classname="Tests.Unit.Playground.Matrix.Models.Ticket.ModelTest" assertions="1" time="0.024516"/>
        <testcase name="test_verify_model_relationships" file="/app/vendor/gammamatrix/playground-test/src/Unit/Models/ModelCase.php" line="294" class="Tests\Unit\Playground\Matrix\Models\Ticket\ModelTest" classname="Tests.Unit.Playground.Matrix.Models.Ticket.ModelTest" assertions="31" time="0.060475"/>
        <testcase name="test_model_factory_make" file="/app/vendor/gammamatrix/playground-test/src/Unit/Models/ModelCase.php" line="310" class="Tests\Unit\Playground\Matrix\Models\Ticket\ModelTest" classname="Tests.Unit.Playground.Matrix.Models.Ticket.ModelTest" assertions="3" time="0.028736"/>
      </testsuite>
      <testsuite name="Tests\Unit\Playground\Matrix\Models\Version\ModelTest" file="/app/tests/Unit/Models/Version/ModelTest.php" tests="3" assertions="23" errors="0" failures="0" skipped="0" time="0.104288">
        <testcase name="test_model_instance" file="/app/vendor/gammamatrix/playground-test/src/Unit/Models/ModelCase.php" line="113" class="Tests\Unit\Playground\Matrix\Models\Version\ModelTest" classname="Tests.Unit.Playground.Matrix.Models.Version.ModelTest" assertions="1" time="0.024361"/>
        <testcase name="test_verify_model_relationships" file="/app/vendor/gammamatrix/playground-test/src/Unit/Models/ModelCase.php" line="294" class="Tests\Unit\Playground\Matrix\Models\Version\ModelTest" classname="Tests.Unit.Playground.Matrix.Models.Version.ModelTest" assertions="19" time="0.050986"/>
        <testcase name="test_model_factory_make" file="/app/vendor/gammamatrix/playground-test/src/Unit/Models/ModelCase.php" line="310" class="Tests\Unit\Playground\Matrix\Models\Version\ModelTest" classname="Tests.Unit.Playground.Matrix.Models.Version.ModelTest" assertions="3" time="0.028942"/>
      </testsuite>
    </testsuite>
    <testsuite name="Feature" tests="60" assertions="5536" errors="0" failures="0" skipped="0" time="36.618731">
      <testsuite name="Tests\Feature\Playground\Matrix\Concerns\Creating\GetProjectKeyTest" file="/app/tests/Feature/Concerns/Creating/GetProjectKeyTest.php" tests="5" assertions="5" errors="0" failures="0" skipped="0" time="2.140357">
        <testcase name="test_get_project_key_with_ticket_and_empty_project_key_allowed" file="/app/tests/Feature/Concerns/Creating/GetProjectKeyTest.php" line="23" class="Tests\Feature\Playground\Matrix\Concerns\Creating\GetProjectKeyTest" classname="Tests.Feature.Playground.Matrix.Concerns.Creating.GetProjectKeyTest" assertions="1" time="0.479133"/>
        <testcase name="test_get_project_key_with_ticket_and_empty_project_key_disabled" file="/app/tests/Feature/Concerns/Creating/GetProjectKeyTest.php" line="43" class="Tests\Feature\Playground\Matrix\Concerns\Creating\GetProjectKeyTest" classname="Tests.Feature.Playground.Matrix.Concerns.Creating.GetProjectKeyTest" assertions="1" time="0.413652"/>
        <testcase name="test_get_project_key_with_ticket_and_empty_project_key_allowed_with_default_key" file="/app/tests/Feature/Concerns/Creating/GetProjectKeyTest.php" line="63" class="Tests\Feature\Playground\Matrix\Concerns\Creating\GetProjectKeyTest" classname="Tests.Feature.Playground.Matrix.Concerns.Creating.GetProjectKeyTest" assertions="1" time="0.414126"/>
        <testcase name="test_get_project_key_with_ticket_and_empty_project_key_disabled_with_default_key" file="/app/tests/Feature/Concerns/Creating/GetProjectKeyTest.php" line="83" class="Tests\Feature\Playground\Matrix\Concerns\Creating\GetProjectKeyTest" classname="Tests.Feature.Playground.Matrix.Concerns.Creating.GetProjectKeyTest" assertions="1" time="0.413722"/>
        <testcase name="test_get_project_key_with_ticket_and_project_key" file="/app/tests/Feature/Concerns/Creating/GetProjectKeyTest.php" line="103" class="Tests\Feature\Playground\Matrix\Concerns\Creating\GetProjectKeyTest" classname="Tests.Feature.Playground.Matrix.Concerns.Creating.GetProjectKeyTest" assertions="1" time="0.419723"/>
      </testsuite>
      <testsuite name="Tests\Feature\Playground\Matrix\Concerns\Creating\HandleTicketCodeTest" file="/app/tests/Feature/Concerns/Creating/HandleTicketCodeTest.php" tests="6" assertions="11" errors="0" failures="0" skipped="0" time="2.481690">
        <testcase name="test_handle_ticket_code_with_ticket_and_empty_project_key_allowed" file="/app/tests/Feature/Concerns/Creating/HandleTicketCodeTest.php" line="23" class="Tests\Feature\Playground\Matrix\Concerns\Creating\HandleTicketCodeTest" classname="Tests.Feature.Playground.Matrix.Concerns.Creating.HandleTicketCodeTest" assertions="2" time="0.414294"/>
        <testcase name="test_handle_ticket_code_with_ticket_and_empty_project_key_disabled" file="/app/tests/Feature/Concerns/Creating/HandleTicketCodeTest.php" line="44" class="Tests\Feature\Playground\Matrix\Concerns\Creating\HandleTicketCodeTest" classname="Tests.Feature.Playground.Matrix.Concerns.Creating.HandleTicketCodeTest" assertions="2" time="0.412329"/>
        <testcase name="test_handle_ticket_code_with_ticket_and_empty_project_key_allowed_with_default_key" file="/app/tests/Feature/Concerns/Creating/HandleTicketCodeTest.php" line="65" class="Tests\Feature\Playground\Matrix\Concerns\Creating\HandleTicketCodeTest" classname="Tests.Feature.Playground.Matrix.Concerns.Creating.HandleTicketCodeTest" assertions="2" time="0.426028"/>
        <testcase name="test_handle_ticket_code_with_ticket_and_empty_project_key_disabled_with_default_key" file="/app/tests/Feature/Concerns/Creating/HandleTicketCodeTest.php" line="86" class="Tests\Feature\Playground\Matrix\Concerns\Creating\HandleTicketCodeTest" classname="Tests.Feature.Playground.Matrix.Concerns.Creating.HandleTicketCodeTest" assertions="2" time="0.414408"/>
        <testcase name="test_handle_ticket_code_with_ticket_and_project_key" file="/app/tests/Feature/Concerns/Creating/HandleTicketCodeTest.php" line="107" class="Tests\Feature\Playground\Matrix\Concerns\Creating\HandleTicketCodeTest" classname="Tests.Feature.Playground.Matrix.Concerns.Creating.HandleTicketCodeTest" assertions="2" time="0.412412"/>
        <testcase name="test_handle_ticket_code_on_ticket_without_project" file="/app/tests/Feature/Concerns/Creating/HandleTicketCodeTest.php" line="128" class="Tests\Feature\Playground\Matrix\Concerns\Creating\HandleTicketCodeTest" classname="Tests.Feature.Playground.Matrix.Concerns.Creating.HandleTicketCodeTest" assertions="1" time="0.402218"/>
      </testsuite>
      <testsuite name="Tests\Feature\Playground\Matrix\Console\Commands\About\CommandTest" file="/app/tests/Feature/Console/Commands/About/CommandTest.php" tests="1" assertions="2" errors="0" failures="0" skipped="0" time="0.481629">
        <testcase name="test_command_about_displays_package_information_and_succeed" file="/app/tests/Feature/Console/Commands/About/CommandTest.php" line="37" class="Tests\Feature\Playground\Matrix\Console\Commands\About\CommandTest" classname="Tests.Feature.Playground.Matrix.Console.Commands.About.CommandTest" assertions="2" time="0.481629"/>
      </testsuite>
      <testsuite name="Tests\Feature\Playground\Matrix\Models\Backlog\ModelTest" file="/app/tests/Feature/Models/Backlog/ModelTest.php" tests="3" assertions="411" errors="0" failures="0" skipped="0" time="2.100737">
        <testcase name="test_model_instance" file="/app/vendor/gammamatrix/playground-test/src/Feature/Models/ModelCase.php" line="123" class="Tests\Feature\Playground\Matrix\Models\Backlog\ModelTest" classname="Tests.Feature.Playground.Matrix.Models.Backlog.ModelTest" assertions="1" time="0.399301"/>
        <testcase name="test_verify_model_relationships" file="/app/vendor/gammamatrix/playground-test/src/Feature/Models/ModelCase.php" line="202" class="Tests\Feature\Playground\Matrix\Models\Backlog\ModelTest" classname="Tests.Feature.Playground.Matrix.Models.Backlog.ModelTest" assertions="406" time="1.293705"/>
        <testcase name="test_factory_create" file="/app/vendor/gammamatrix/playground-test/src/Feature/Models/ModelCase.php" line="223" class="Tests\Feature\Playground\Matrix\Models\Backlog\ModelTest" classname="Tests.Feature.Playground.Matrix.Models.Backlog.ModelTest" assertions="4" time="0.407731"/>
      </testsuite>
      <testsuite name="Tests\Feature\Playground\Matrix\Models\Board\ModelTest" file="/app/tests/Feature/Models/Board/ModelTest.php" tests="3" assertions="411" errors="0" failures="0" skipped="0" time="2.071381">
        <testcase name="test_model_instance" file="/app/vendor/gammamatrix/playground-test/src/Feature/Models/ModelCase.php" line="123" class="Tests\Feature\Playground\Matrix\Models\Board\ModelTest" classname="Tests.Feature.Playground.Matrix.Models.Board.ModelTest" assertions="1" time="0.393553"/>
        <testcase name="test_verify_model_relationships" file="/app/vendor/gammamatrix/playground-test/src/Feature/Models/ModelCase.php" line="202" class="Tests\Feature\Playground\Matrix\Models\Board\ModelTest" classname="Tests.Feature.Playground.Matrix.Models.Board.ModelTest" assertions="406" time="1.265004"/>
        <testcase name="test_factory_create" file="/app/vendor/gammamatrix/playground-test/src/Feature/Models/ModelCase.php" line="223" class="Tests\Feature\Playground\Matrix\Models\Board\ModelTest" classname="Tests.Feature.Playground.Matrix.Models.Board.ModelTest" assertions="4" time="0.412824"/>
      </testsuite>
      <testsuite name="Tests\Feature\Playground\Matrix\Models\Epic\ModelTest" file="/app/tests/Feature/Models/Epic/ModelTest.php" tests="3" assertions="411" errors="0" failures="0" skipped="0" time="2.073006">
        <testcase name="test_model_instance" file="/app/vendor/gammamatrix/playground-test/src/Feature/Models/ModelCase.php" line="123" class="Tests\Feature\Playground\Matrix\Models\Epic\ModelTest" classname="Tests.Feature.Playground.Matrix.Models.Epic.ModelTest" assertions="1" time="0.397642"/>
        <testcase name="test_verify_model_relationships" file="/app/vendor/gammamatrix/playground-test/src/Feature/Models/ModelCase.php" line="202" class="Tests\Feature\Playground\Matrix\Models\Epic\ModelTest" classname="Tests.Feature.Playground.Matrix.Models.Epic.ModelTest" assertions="406" time="1.269915"/>
        <testcase name="test_factory_create" file="/app/vendor/gammamatrix/playground-test/src/Feature/Models/ModelCase.php" line="223" class="Tests\Feature\Playground\Matrix\Models\Epic\ModelTest" classname="Tests.Feature.Playground.Matrix.Models.Epic.ModelTest" assertions="4" time="0.405449"/>
      </testsuite>
      <testsuite name="Tests\Feature\Playground\Matrix\Models\Flow\ModelTest" file="/app/tests/Feature/Models/Flow/ModelTest.php" tests="3" assertions="273" errors="0" failures="0" skipped="0" time="1.813834">
        <testcase name="test_model_instance" file="/app/vendor/gammamatrix/playground-test/src/Feature/Models/ModelCase.php" line="123" class="Tests\Feature\Playground\Matrix\Models\Flow\ModelTest" classname="Tests.Feature.Playground.Matrix.Models.Flow.ModelTest" assertions="1" time="0.395046"/>
        <testcase name="test_verify_model_relationships" file="/app/vendor/gammamatrix/playground-test/src/Feature/Models/ModelCase.php" line="202" class="Tests\Feature\Playground\Matrix\Models\Flow\ModelTest" classname="Tests.Feature.Playground.Matrix.Models.Flow.ModelTest" assertions="268" time="1.012739"/>
        <testcase name="test_factory_create" file="/app/vendor/gammamatrix/playground-test/src/Feature/Models/ModelCase.php" line="223" class="Tests\Feature\Playground\Matrix\Models\Flow\ModelTest" classname="Tests.Feature.Playground.Matrix.Models.Flow.ModelTest" assertions="4" time="0.406049"/>
      </testsuite>
      <testsuite name="Tests\Feature\Playground\Matrix\Models\Matrix\ModelTest" file="/app/tests/Feature/Models/Matrix/ModelTest.php" tests="3" assertions="57" errors="0" failures="0" skipped="0" time="1.284524">
        <testcase name="test_model_instance" file="/app/vendor/gammamatrix/playground-test/src/Feature/Models/ModelCase.php" line="123" class="Tests\Feature\Playground\Matrix\Models\Matrix\ModelTest" classname="Tests.Feature.Playground.Matrix.Models.Matrix.ModelTest" assertions="1" time="0.395559"/>
        <testcase name="test_verify_model_relationships" file="/app/vendor/gammamatrix/playground-test/src/Feature/Models/ModelCase.php" line="202" class="Tests\Feature\Playground\Matrix\Models\Matrix\ModelTest" classname="Tests.Feature.Playground.Matrix.Models.Matrix.ModelTest" assertions="52" time="0.478124"/>
        <testcase name="test_factory_create" file="/app/vendor/gammamatrix/playground-test/src/Feature/Models/ModelCase.php" line="223" class="Tests\Feature\Playground\Matrix\Models\Matrix\ModelTest" classname="Tests.Feature.Playground.Matrix.Models.Matrix.ModelTest" assertions="4" time="0.410841"/>
      </testsuite>
      <testsuite name="Tests\Feature\Playground\Matrix\Models\Milestone\ModelTest" file="/app/tests/Feature/Models/Milestone/ModelTest.php" tests="3" assertions="411" errors="0" failures="0" skipped="0" time="2.068766">
        <testcase name="test_model_instance" file="/app/vendor/gammamatrix/playground-test/src/Feature/Models/ModelCase.php" line="123" class="Tests\Feature\Playground\Matrix\Models\Milestone\ModelTest" classname="Tests.Feature.Playground.Matrix.Models.Milestone.ModelTest" assertions="1" time="0.393705"/>
        <testcase name="test_verify_model_relationships" file="/app/vendor/gammamatrix/playground-test/src/Feature/Models/ModelCase.php" line="202" class="Tests\Feature\Playground\Matrix\Models\Milestone\ModelTest" classname="Tests.Feature.Playground.Matrix.Models.Milestone.ModelTest" assertions="406" time="1.268377"/>
        <testcase name="test_factory_create" file="/app/vendor/gammamatrix/playground-test/src/Feature/Models/ModelCase.php" line="223" class="Tests\Feature\Playground\Matrix\Models\Milestone\ModelTest" classname="Tests.Feature.Playground.Matrix.Models.Milestone.ModelTest" assertions="4" time="0.406684"/>
      </testsuite>
      <testsuite name="Tests\Feature\Playground\Matrix\Models\Note\ModelTest" file="/app/tests/Feature/Models/Note/ModelTest.php" tests="3" assertions="245" errors="0" failures="0" skipped="0" time="1.747089">
        <testcase name="test_model_instance" file="/app/vendor/gammamatrix/playground-test/src/Feature/Models/ModelCase.php" line="123" class="Tests\Feature\Playground\Matrix\Models\Note\ModelTest" classname="Tests.Feature.Playground.Matrix.Models.Note.ModelTest" assertions="1" time="0.393599"/>
        <testcase name="test_verify_model_relationships" file="/app/vendor/gammamatrix/playground-test/src/Feature/Models/ModelCase.php" line="202" class="Tests\Feature\Playground\Matrix\Models\Note\ModelTest" classname="Tests.Feature.Playground.Matrix.Models.Note.ModelTest" assertions="240" time="0.951176"/>
        <testcase name="test_factory_create" file="/app/vendor/gammamatrix/playground-test/src/Feature/Models/ModelCase.php" line="223" class="Tests\Feature\Playground\Matrix\Models\Note\ModelTest" classname="Tests.Feature.Playground.Matrix.Models.Note.ModelTest" assertions="4" time="0.402314"/>
      </testsuite>
      <testsuite name="Tests\Feature\Playground\Matrix\Models\Project\ModelTest" file="/app/tests/Feature/Models/Project/ModelTest.php" tests="3" assertions="411" errors="0" failures="0" skipped="0" time="2.204380">
        <testcase name="test_model_instance" file="/app/vendor/gammamatrix/playground-test/src/Feature/Models/ModelCase.php" line="123" class="Tests\Feature\Playground\Matrix\Models\Project\ModelTest" classname="Tests.Feature.Playground.Matrix.Models.Project.ModelTest" assertions="1" time="0.394550"/>
        <testcase name="test_verify_model_relationships" file="/app/vendor/gammamatrix/playground-test/src/Feature/Models/ModelCase.php" line="202" class="Tests\Feature\Playground\Matrix\Models\Project\ModelTest" classname="Tests.Feature.Playground.Matrix.Models.Project.ModelTest" assertions="406" time="1.392826"/>
        <testcase name="test_factory_create" file="/app/vendor/gammamatrix/playground-test/src/Feature/Models/ModelCase.php" line="223" class="Tests\Feature\Playground\Matrix\Models\Project\ModelTest" classname="Tests.Feature.Playground.Matrix.Models.Project.ModelTest" assertions="4" time="0.417005"/>
      </testsuite>
      <testsuite name="Tests\Feature\Playground\Matrix\Models\Release\ModelTest" file="/app/tests/Feature/Models/Release/ModelTest.php" tests="3" assertions="411" errors="0" failures="0" skipped="0" time="2.209520">
        <testcase name="test_model_instance" file="/app/vendor/gammamatrix/playground-test/src/Feature/Models/ModelCase.php" line="123" class="Tests\Feature\Playground\Matrix\Models\Release\ModelTest" classname="Tests.Feature.Playground.Matrix.Models.Release.ModelTest" assertions="1" time="0.391246"/>
        <testcase name="test_verify_model_relationships" file="/app/vendor/gammamatrix/playground-test/src/Feature/Models/ModelCase.php" line="202" class="Tests\Feature\Playground\Matrix\Models\Release\ModelTest" classname="Tests.Feature.Playground.Matrix.Models.Release.ModelTest" assertions="406" time="1.406491"/>
        <testcase name="test_factory_create" file="/app/vendor/gammamatrix/playground-test/src/Feature/Models/ModelCase.php" line="223" class="Tests\Feature\Playground\Matrix\Models\Release\ModelTest" classname="Tests.Feature.Playground.Matrix.Models.Release.ModelTest" assertions="4" time="0.411783"/>
      </testsuite>
      <testsuite name="Tests\Feature\Playground\Matrix\Models\Roadmap\ModelTest" file="/app/tests/Feature/Models/Roadmap/ModelTest.php" tests="3" assertions="411" errors="0" failures="0" skipped="0" time="2.115593">
        <testcase name="test_model_instance" file="/app/vendor/gammamatrix/playground-test/src/Feature/Models/ModelCase.php" line="123" class="Tests\Feature\Playground\Matrix\Models\Roadmap\ModelTest" classname="Tests.Feature.Playground.Matrix.Models.Roadmap.ModelTest" assertions="1" time="0.394603"/>
        <testcase name="test_verify_model_relationships" file="/app/vendor/gammamatrix/playground-test/src/Feature/Models/ModelCase.php" line="202" class="Tests\Feature\Playground\Matrix\Models\Roadmap\ModelTest" classname="Tests.Feature.Playground.Matrix.Models.Roadmap.ModelTest" assertions="406" time="1.316864"/>
        <testcase name="test_factory_create" file="/app/vendor/gammamatrix/playground-test/src/Feature/Models/ModelCase.php" line="223" class="Tests\Feature\Playground\Matrix\Models\Roadmap\ModelTest" classname="Tests.Feature.Playground.Matrix.Models.Roadmap.ModelTest" assertions="4" time="0.404126"/>
      </testsuite>
      <testsuite name="Tests\Feature\Playground\Matrix\Models\Source\ModelTest" file="/app/tests/Feature/Models/Source/ModelTest.php" tests="3" assertions="273" errors="0" failures="0" skipped="0" time="1.853690">
        <testcase name="test_model_instance" file="/app/vendor/gammamatrix/playground-test/src/Feature/Models/ModelCase.php" line="123" class="Tests\Feature\Playground\Matrix\Models\Source\ModelTest" classname="Tests.Feature.Playground.Matrix.Models.Source.ModelTest" assertions="1" time="0.392340"/>
        <testcase name="test_verify_model_relationships" file="/app/vendor/gammamatrix/playground-test/src/Feature/Models/ModelCase.php" line="202" class="Tests\Feature\Playground\Matrix\Models\Source\ModelTest" classname="Tests.Feature.Playground.Matrix.Models.Source.ModelTest" assertions="268" time="1.051986"/>
        <testcase name="test_factory_create" file="/app/vendor/gammamatrix/playground-test/src/Feature/Models/ModelCase.php" line="223" class="Tests\Feature\Playground\Matrix\Models\Source\ModelTest" classname="Tests.Feature.Playground.Matrix.Models.Source.ModelTest" assertions="4" time="0.409364"/>
      </testsuite>
      <testsuite name="Tests\Feature\Playground\Matrix\Models\Sprint\ModelTest" file="/app/tests/Feature/Models/Sprint/ModelTest.php" tests="3" assertions="411" errors="0" failures="0" skipped="0" time="2.103455">
        <testcase name="test_model_instance" file="/app/vendor/gammamatrix/playground-test/src/Feature/Models/ModelCase.php" line="123" class="Tests\Feature\Playground\Matrix\Models\Sprint\ModelTest" classname="Tests.Feature.Playground.Matrix.Models.Sprint.ModelTest" assertions="1" time="0.398499"/>
        <testcase name="test_verify_model_relationships" file="/app/vendor/gammamatrix/playground-test/src/Feature/Models/ModelCase.php" line="202" class="Tests\Feature\Playground\Matrix\Models\Sprint\ModelTest" classname="Tests.Feature.Playground.Matrix.Models.Sprint.ModelTest" assertions="406" time="1.301065"/>
        <testcase name="test_factory_create" file="/app/vendor/gammamatrix/playground-test/src/Feature/Models/ModelCase.php" line="223" class="Tests\Feature\Playground\Matrix\Models\Sprint\ModelTest" classname="Tests.Feature.Playground.Matrix.Models.Sprint.ModelTest" assertions="4" time="0.403890"/>
      </testsuite>
      <testsuite name="Tests\Feature\Playground\Matrix\Models\Tag\ModelTest" file="/app/tests/Feature/Models/Tag/ModelTest.php" tests="3" assertions="231" errors="0" failures="0" skipped="0" time="1.720138">
        <testcase name="test_model_instance" file="/app/vendor/gammamatrix/playground-test/src/Feature/Models/ModelCase.php" line="123" class="Tests\Feature\Playground\Matrix\Models\Tag\ModelTest" classname="Tests.Feature.Playground.Matrix.Models.Tag.ModelTest" assertions="1" time="0.394583"/>
        <testcase name="test_verify_model_relationships" file="/app/vendor/gammamatrix/playground-test/src/Feature/Models/ModelCase.php" line="202" class="Tests\Feature\Playground\Matrix\Models\Tag\ModelTest" classname="Tests.Feature.Playground.Matrix.Models.Tag.ModelTest" assertions="226" time="0.922807"/>
        <testcase name="test_factory_create" file="/app/vendor/gammamatrix/playground-test/src/Feature/Models/ModelCase.php" line="223" class="Tests\Feature\Playground\Matrix\Models\Tag\ModelTest" classname="Tests.Feature.Playground.Matrix.Models.Tag.ModelTest" assertions="4" time="0.402748"/>
      </testsuite>
      <testsuite name="Tests\Feature\Playground\Matrix\Models\Team\ModelTest" file="/app/tests/Feature/Models/Team/ModelTest.php" tests="3" assertions="411" errors="0" failures="0" skipped="0" time="2.071044">
        <testcase name="test_model_instance" file="/app/vendor/gammamatrix/playground-test/src/Feature/Models/ModelCase.php" line="123" class="Tests\Feature\Playground\Matrix\Models\Team\ModelTest" classname="Tests.Feature.Playground.Matrix.Models.Team.ModelTest" assertions="1" time="0.394211"/>
        <testcase name="test_verify_model_relationships" file="/app/vendor/gammamatrix/playground-test/src/Feature/Models/ModelCase.php" line="202" class="Tests\Feature\Playground\Matrix\Models\Team\ModelTest" classname="Tests.Feature.Playground.Matrix.Models.Team.ModelTest" assertions="406" time="1.269154"/>
        <testcase name="test_factory_create" file="/app/vendor/gammamatrix/playground-test/src/Feature/Models/ModelCase.php" line="223" class="Tests\Feature\Playground\Matrix\Models\Team\ModelTest" classname="Tests.Feature.Playground.Matrix.Models.Team.ModelTest" assertions="4" time="0.407680"/>
      </testsuite>
      <testsuite name="Tests\Feature\Playground\Matrix\Models\Ticket\ModelTest" file="/app/tests/Feature/Models/Ticket/ModelTest.php" tests="3" assertions="453" errors="0" failures="0" skipped="0" time="2.229606">
        <testcase name="test_model_instance" file="/app/vendor/gammamatrix/playground-test/src/Feature/Models/ModelCase.php" line="123" class="Tests\Feature\Playground\Matrix\Models\Ticket\ModelTest" classname="Tests.Feature.Playground.Matrix.Models.Ticket.ModelTest" assertions="1" time="0.395759"/>
        <testcase name="test_verify_model_relationships" file="/app/vendor/gammamatrix/playground-test/src/Feature/Models/ModelCase.php" line="202" class="Tests\Feature\Playground\Matrix\Models\Ticket\ModelTest" classname="Tests.Feature.Playground.Matrix.Models.Ticket.ModelTest" assertions="448" time="1.427143"/>
        <testcase name="test_factory_create" file="/app/vendor/gammamatrix/playground-test/src/Feature/Models/ModelCase.php" line="223" class="Tests\Feature\Playground\Matrix\Models\Ticket\ModelTest" classname="Tests.Feature.Playground.Matrix.Models.Ticket.ModelTest" assertions="4" time="0.406703"/>
      </testsuite>
      <testsuite name="Tests\Feature\Playground\Matrix\Models\Version\ModelTest" file="/app/tests/Feature/Models/Version/ModelTest.php" tests="3" assertions="287" errors="0" failures="0" skipped="0" time="1.848291">
        <testcase name="test_model_instance" file="/app/vendor/gammamatrix/playground-test/src/Feature/Models/ModelCase.php" line="123" class="Tests\Feature\Playground\Matrix\Models\Version\ModelTest" classname="Tests.Feature.Playground.Matrix.Models.Version.ModelTest" assertions="1" time="0.404213"/>
        <testcase name="test_verify_model_relationships" file="/app/vendor/gammamatrix/playground-test/src/Feature/Models/ModelCase.php" line="202" class="Tests\Feature\Playground\Matrix\Models\Version\ModelTest" classname="Tests.Feature.Playground.Matrix.Models.Version.ModelTest" assertions="282" time="1.032722"/>
        <testcase name="test_factory_create" file="/app/vendor/gammamatrix/playground-test/src/Feature/Models/ModelCase.php" line="223" class="Tests\Feature\Playground\Matrix\Models\Version\ModelTest" classname="Tests.Feature.Playground.Matrix.Models.Version.ModelTest" assertions="4" time="0.411356"/>
      </testsuite>
    </testsuite>
  </testsuite>
</testsuites>
